________________________________________________________________________________
---------------------------------Таблиця Лексем---------------------------------
________________________________________________________________________________
  |№ п/п|     |Лексема|   |Довжина |            |Тип лексеми|
________________________________________________________________________________
	0		DATA1              	5		Ідентифікатор користувача або не визначений 
	1		SEGMENT              	7		 Ідентифікатор директиви 
	2		VB              	2		Ідентифікатор користувача або не визначений 
	3		DB              	2		 Ідентифікатор директиви даних тип 1
	4		10011B              	6		 Двійкова константа
	5		STRING              	6		Ідентифікатор користувача або не визначений 
	6		DB              	2		 Ідентифікатор директиви даних тип 1
	7		Рядок – new              	12		text константа
	8		VW              	2		Ідентифікатор користувача або не визначений 
	9		DW              	2		 Ідентифікатор директиви даних тип 2
	10		4567D              	5		 Десяткова константа
	11		VW2              	3		Ідентифікатор користувача або не визначений 
	12		DW              	2		 Ідентифікатор директиви даних тип 2
	13		4567              	4		 Десяткова константа
	14		VW3              	3		Ідентифікатор користувача або не визначений 
	15		DW              	2		 Ідентифікатор директиви даних тип 2
	16		6476              	4		 Десяткова константа
	17		VD              	2		Ідентифікатор користувача або не визначений 
	18		DD              	2		 Ідентифікатор директиви даних тип 4
	19		0D7856FDAH              	10		 Шістнадцятирічна константа
	20		DATA1              	5		Ідентифікатор користувача або не визначений 
	21		ENDS              	4		 Ідентифікатор директиви 
	22		VAL              	3		Ідентифікатор користувача або не визначений 
	23		EQU              	3		 Ідентифікатор директиви 
	24		30              	2		 Десяткова константа
	25		VAL2              	4		Ідентифікатор користувача або не визначений 
	26		EQU              	3		 Ідентифікатор директиви 
	27		32              	2		 Десяткова константа
	28		CODE              	4		Ідентифікатор користувача або не визначений 
	29		SEGMENT              	7		 Ідентифікатор директиви 
	30		LABEL1              	6		Ідентифікатор користувача або не визначений 
	31		:              	1		односимвольна
	32		CLI              	3		Ідентифікатор мнемокоду машинної інструкції 
	33		IF              	2		 Ідентифікатор директиви 
	34		VAL              	3		Ідентифікатор користувача або не визначений 
	35		EQ              	2		 Ідентифікатор директиви 
	36		30              	2		 Десяткова константа
	37		INC              	3		Ідентифікатор мнемокоду машинної інструкції 
	38		AX              	2		 Ідентифікатор 16- розрядного регістра
	39		ELSE              	4		 Ідентифікатор директиви 
	40		DEC              	3		Ідентифікатор мнемокоду машинної інструкції 
	41		BYTE              	4		 Ідентифікатор розміру 1
	42		PTR              	3		 Ідентифікатор оператора визначення типу 
	43		[              	1		односимвольна
	44		SI              	2		 Ідентифікатор 16- розрядного регістра
	45		+              	1		односимвольна
	46		2              	1		 Десяткова константа
	47		]              	1		односимвольна
	48		ENDIF              	5		 Ідентифікатор директиви 
	49		CMP              	3		Ідентифікатор мнемокоду машинної інструкції 
	50		AX              	2		 Ідентифікатор 16- розрядного регістра
	51		,              	1		односимвольна
	52		DS              	2		Ідентифікатор сегментного регістра 
	53		:              	1		односимвольна
	54		WORD              	4		 Ідентифікатор розміру 2
	55		PTR              	3		 Ідентифікатор оператора визначення типу 
	56		[              	1		односимвольна
	57		SI              	2		 Ідентифікатор 16- розрядного регістра
	58		+              	1		односимвольна
	59		2              	1		 Десяткова константа
	60		]              	1		односимвольна
	61		JNA              	3		Ідентифікатор мнемокоду машинної інструкції 
	62		LABEL2              	6		Ідентифікатор користувача або не визначений 
	63		AND              	3		Ідентифікатор мнемокоду машинної інструкції 
	64		BYTE              	4		 Ідентифікатор розміру 1
	65		PTR              	3		 Ідентифікатор оператора визначення типу 
	66		[              	1		односимвольна
	67		SI              	2		 Ідентифікатор 16- розрядного регістра
	68		+              	1		односимвольна
	69		2              	1		 Десяткова константа
	70		]              	1		односимвольна
	71		,              	1		односимвольна
	72		AX              	2		 Ідентифікатор 16- розрядного регістра
	73		INC              	3		Ідентифікатор мнемокоду машинної інструкції 
	74		BH              	2		Ідентифікатор 8- розрядного регістра
	75		ADD              	3		Ідентифікатор мнемокоду машинної інструкції 
	76		AX              	2		 Ідентифікатор 16- розрядного регістра
	77		,              	1		односимвольна
	78		5              	1		 Десяткова константа
	79		MOV              	3		Ідентифікатор мнемокоду машинної інструкції 
	80		DX              	2		 Ідентифікатор 16- розрядного регістра
	81		,              	1		односимвольна
	82		VAL              	3		Ідентифікатор користувача або не визначений 
	83		CMP              	3		Ідентифікатор мнемокоду машинної інструкції 
	84		AX              	2		 Ідентифікатор 16- розрядного регістра
	85		,              	1		односимвольна
	86		WORD              	4		 Ідентифікатор розміру 2
	87		PTR              	3		 Ідентифікатор оператора визначення типу 
	88		[              	1		односимвольна
	89		SI              	2		 Ідентифікатор 16- розрядного регістра
	90		+              	1		односимвольна
	91		2              	1		 Десяткова константа
	92		]              	1		односимвольна
	93		JNA              	3		Ідентифікатор мнемокоду машинної інструкції 
	94		LABEL1              	6		Ідентифікатор користувача або не визначений 
	95		LABEL2              	6		Ідентифікатор користувача або не визначений 
	96		:              	1		односимвольна
	97		CODE              	4		Ідентифікатор користувача або не визначений 
	98		ENDS              	4		 Ідентифікатор директиви 
	99		END              	3		 Ідентифікатор директиви 
