________________________________________________________________________________
---------------------------------Таблиця Лексем---------------------------------
________________________________________________________________________________
  |№ п/п|     |Лексема|   |Довжина |            |Тип лексеми|
________________________________________________________________________________
	0		DATA              	4		Ідентифікатор користувача або не визначений 
	1		SEGMENT              	7		 Ідентифікатор директиви 
	2		VAL1              	4		Ідентифікатор користувача або не визначений 
	3		DD              	2		 Ідентифікатор директиви даних тип 4
	4		11225599              	8		 Десяткова константа
	5		VAL2              	4		Ідентифікатор користувача або не визначений 
	6		DQ              	2		 Ідентифікатор директиви даних тип 8
	7		33.14              	5		 Дробна десяткова константа
	8		VAL3              	4		Ідентифікатор користувача або не визначений 
	9		DD              	2		 Ідентифікатор директиви даних тип 4
	10		33.14              	5		 Дробна десяткова константа
	11		DATA              	4		Ідентифікатор користувача або не визначений 
	12		ENDS              	4		 Ідентифікатор директиви 
	13		CODE              	4		Ідентифікатор користувача або не визначений 
	14		SEGMENT              	7		 Ідентифікатор директиви 
	15		FCOS              	4		Ідентифікатор мнемокоду машинної інструкції 
	16		FADD              	4		Ідентифікатор мнемокоду машинної інструкції 
	17		VAL1              	4		Ідентифікатор користувача або не визначений 
	18		[              	1		односимвольна
	19		EAX              	3		Ідентифікатор 32- розрядного регістра
	20		]              	1		односимвольна
	21		FADD              	4		Ідентифікатор мнемокоду машинної інструкції 
	22		ST(0)              	5		Ідентифікатор регістру співпроцесора 
	23		,              	1		односимвольна
	24		ST(1)              	5		Ідентифікатор регістру співпроцесора 
	25		FCOMP              	5		Ідентифікатор мнемокоду машинної інструкції 
	26		ST(0)              	5		Ідентифікатор регістру співпроцесора 
	27		CODE              	4		Ідентифікатор користувача або не визначений 
	28		ENDS              	4		 Ідентифікатор директиви 
	29		END              	3		 Ідентифікатор директиви 
